version: v2
managed:
  enabled: true
  # override:
  #   - file_option: go_package_prefix
  #     value: github.com/chrismikehogan/buf-issue-example/unexpected
inputs:
  - directory: ../proto
plugins:
  - local: protoc-gen-go
    out: .
    opt: paths=import
  - local: protoc-gen-go-grpc
    out: .
    opt: paths=import
